........GLM53_P4_NATIVE_PATCH_ACTIVE layers=3 tp=4 design_sha256=a79285866c563bf5d78db3797ce9099b46d158da5d7d9f65c27793c4cd1e985b manifest_sha256=c16f9d41ec75c51be6d1849632c1c932bfea6394d24f492db553d8da675f05f3 schema=glm53-p4-mcg-tp-rank.v2 backend=b12x-p4-trellis-mxf4nvf4 law=procedural-mcg-alpha1-rne-e2m1 mma=mxf4nvf4 E2M1 E4M3_K16 identity physical_bpw=4.5 ldlq=false
.GLM53_P4_NATIVE_PATCH_ACTIVE layers=3 tp=4 design_sha256=a79285866c563bf5d78db3797ce9099b46d158da5d7d9f65c27793c4cd1e985b manifest_sha256=c16f9d41ec75c51be6d1849632c1c932bfea6394d24f492db553d8da675f05f3 schema=glm53-p4-mcg-tp-rank.v2 backend=b12x-p4-trellis-mxf4nvf4 law=procedural-mcg-alpha1-rne-e2m1 mma=mxf4nvf4 E2M1 E4M3_K16 identity physical_bpw=4.5 ldlq=false
.GLM53_P4_NATIVE_PATCH_ACTIVE layers=3 tp=4 design_sha256=a79285866c563bf5d78db3797ce9099b46d158da5d7d9f65c27793c4cd1e985b manifest_sha256=c16f9d41ec75c51be6d1849632c1c932bfea6394d24f492db553d8da675f05f3 schema=glm53-p4-mcg-tp-rank.v2 backend=b12x-p4-trellis-mxf4nvf4 law=procedural-mcg-alpha1-rne-e2m1 mma=mxf4nvf4 E2M1 E4M3_K16 identity physical_bpw=4.5 ldlq=false
.GLM53_P4_NATIVE_PATCH_ACTIVE layers=3 tp=4 design_sha256=a79285866c563bf5d78db3797ce9099b46d158da5d7d9f65c27793c4cd1e985b manifest_sha256=c16f9d41ec75c51be6d1849632c1c932bfea6394d24f492db553d8da675f05f3 schema=glm53-p4-mcg-tp-rank.v2 backend=b12x-p4-trellis-mxf4nvf4 law=procedural-mcg-alpha1-rne-e2m1 mma=mxf4nvf4 E2M1 E4M3_K16 identity physical_bpw=4.5 ldlq=false
.GLM53_P4_NATIVE_PATCH_ACTIVE layers=3 tp=4 design_sha256=a79285866c563bf5d78db3797ce9099b46d158da5d7d9f65c27793c4cd1e985b manifest_sha256=c16f9d41ec75c51be6d1849632c1c932bfea6394d24f492db553d8da675f05f3 schema=glm53-p4-mcg-tp-rank.v2 backend=b12x-p4-trellis-mxf4nvf4 law=procedural-mcg-alpha1-rne-e2m1 mma=mxf4nvf4 E2M1 E4M3_K16 identity physical_bpw=4.5 ldlq=false
.GLM53_P4_NATIVE_PATCH_ACTIVE layers=3 tp=4 design_sha256=a79285866c563bf5d78db3797ce9099b46d158da5d7d9f65c27793c4cd1e985b manifest_sha256=c16f9d41ec75c51be6d1849632c1c932bfea6394d24f492db553d8da675f05f3 schema=glm53-p4-mcg-tp-rank.v2 backend=b12x-p4-trellis-mxf4nvf4 law=procedural-mcg-alpha1-rne-e2m1 mma=mxf4nvf4 E2M1 E4M3_K16 identity physical_bpw=4.5 ldlq=false
.GLM53_P4_NATIVE_PATCH_ACTIVE layers=3 tp=4 design_sha256=a79285866c563bf5d78db3797ce9099b46d158da5d7d9f65c27793c4cd1e985b manifest_sha256=c16f9d41ec75c51be6d1849632c1c932bfea6394d24f492db553d8da675f05f3 schema=glm53-p4-mcg-tp-rank.v2 backend=b12x-p4-trellis-mxf4nvf4 law=procedural-mcg-alpha1-rne-e2m1 mma=mxf4nvf4 E2M1 E4M3_K16 identity physical_bpw=4.5 ldlq=false
.GLM53_P4_NATIVE_PATCH_ACTIVE layers=3 tp=4 design_sha256=a79285866c563bf5d78db3797ce9099b46d158da5d7d9f65c27793c4cd1e985b manifest_sha256=c16f9d41ec75c51be6d1849632c1c932bfea6394d24f492db553d8da675f05f3 schema=glm53-p4-mcg-tp-rank.v2 backend=b12x-p4-trellis-mxf4nvf4 law=procedural-mcg-alpha1-rne-e2m1 mma=mxf4nvf4 E2M1 E4M3_K16 identity physical_bpw=4.5 ldlq=false
.GLM53_P4_NATIVE_PATCH_ACTIVE layers=3 tp=4 design_sha256=a79285866c563bf5d78db3797ce9099b46d158da5d7d9f65c27793c4cd1e985b manifest_sha256=c16f9d41ec75c51be6d1849632c1c932bfea6394d24f492db553d8da675f05f3 schema=glm53-p4-mcg-tp-rank.v2 backend=b12x-p4-trellis-mxf4nvf4 law=procedural-mcg-alpha1-rne-e2m1 mma=mxf4nvf4 E2M1 E4M3_K16 identity physical_bpw=4.5 ldlq=false
.GLM53_P4_NATIVE_PATCH_ACTIVE layers=3 tp=4 design_sha256=a79285866c563bf5d78db3797ce9099b46d158da5d7d9f65c27793c4cd1e985b manifest_sha256=c16f9d41ec75c51be6d1849632c1c932bfea6394d24f492db553d8da675f05f3 schema=glm53-p4-mcg-tp-rank.v2 backend=b12x-p4-trellis-mxf4nvf4 law=procedural-mcg-alpha1-rne-e2m1 mma=mxf4nvf4 E2M1 E4M3_K16 identity physical_bpw=4.5 ldlq=false
.GLM53_P4_NATIVE_PATCH_ACTIVE layers=3 tp=4 design_sha256=a79285866c563bf5d78db3797ce9099b46d158da5d7d9f65c27793c4cd1e985b manifest_sha256=c16f9d41ec75c51be6d1849632c1c932bfea6394d24f492db553d8da675f05f3 schema=glm53-p4-mcg-tp-rank.v2 backend=b12x-p4-trellis-mxf4nvf4 law=procedural-mcg-alpha1-rne-e2m1 mma=mxf4nvf4 E2M1 E4M3_K16 identity physical_bpw=4.5 ldlq=false
.GLM53_P4_NATIVE_PATCH_ACTIVE layers=3 tp=4 design_sha256=a79285866c563bf5d78db3797ce9099b46d158da5d7d9f65c27793c4cd1e985b manifest_sha256=c16f9d41ec75c51be6d1849632c1c932bfea6394d24f492db553d8da675f05f3 schema=glm53-p4-mcg-tp-rank.v2 backend=b12x-p4-trellis-mxf4nvf4 law=procedural-mcg-alpha1-rne-e2m1 mma=mxf4nvf4 E2M1 E4M3_K16 identity physical_bpw=4.5 ldlq=false
.GLM53_P4_NATIVE_PATCH_ACTIVE layers=3 tp=4 design_sha256=a79285866c563bf5d78db3797ce9099b46d158da5d7d9f65c27793c4cd1e985b manifest_sha256=c16f9d41ec75c51be6d1849632c1c932bfea6394d24f492db553d8da675f05f3 schema=glm53-p4-mcg-tp-rank.v2 backend=b12x-p4-trellis-mxf4nvf4 law=procedural-mcg-alpha1-rne-e2m1 mma=mxf4nvf4 E2M1 E4M3_K16 identity physical_bpw=4.5 ldlq=false
.GLM53_P4_NATIVE_PATCH_ACTIVE layers=3 tp=4 design_sha256=a79285866c563bf5d78db3797ce9099b46d158da5d7d9f65c27793c4cd1e985b manifest_sha256=c16f9d41ec75c51be6d1849632c1c932bfea6394d24f492db553d8da675f05f3 schema=glm53-p4-mcg-tp-rank.v2 backend=b12x-p4-trellis-mxf4nvf4 law=procedural-mcg-alpha1-rne-e2m1 mma=mxf4nvf4 E2M1 E4M3_K16 identity physical_bpw=4.5 ldlq=false
.GLM53_P4_NATIVE_PATCH_ACTIVE layers=3 tp=4 design_sha256=a79285866c563bf5d78db3797ce9099b46d158da5d7d9f65c27793c4cd1e985b manifest_sha256=c16f9d41ec75c51be6d1849632c1c932bfea6394d24f492db553d8da675f05f3 schema=glm53-p4-mcg-tp-rank.v2 backend=b12x-p4-trellis-mxf4nvf4 law=procedural-mcg-alpha1-rne-e2m1 mma=mxf4nvf4 E2M1 E4M3_K16 identity physical_bpw=4.5 ldlq=false
.GLM53_P4_NATIVE_PATCH_ACTIVE layers=3 tp=4 design_sha256=a79285866c563bf5d78db3797ce9099b46d158da5d7d9f65c27793c4cd1e985b manifest_sha256=c16f9d41ec75c51be6d1849632c1c932bfea6394d24f492db553d8da675f05f3 schema=glm53-p4-mcg-tp-rank.v2 backend=b12x-p4-trellis-mxf4nvf4 law=procedural-mcg-alpha1-rne-e2m1 mma=mxf4nvf4 E2M1 E4M3_K16 identity physical_bpw=4.5 ldlq=false
.GLM53_P4_NATIVE_PATCH_ACTIVE layers=3 tp=4 design_sha256=a79285866c563bf5d78db3797ce9099b46d158da5d7d9f65c27793c4cd1e985b manifest_sha256=c16f9d41ec75c51be6d1849632c1c932bfea6394d24f492db553d8da675f05f3 schema=glm53-p4-mcg-tp-rank.v2 backend=b12x-p4-trellis-mxf4nvf4 law=procedural-mcg-alpha1-rne-e2m1 mma=mxf4nvf4 E2M1 E4M3_K16 identity physical_bpw=4.5 ldlq=false
................GLM53_P4_NATIVE_PATCH_ACTIVE layers=3 tp=4 design_sha256=a79285866c563bf5d78db3797ce9099b46d158da5d7d9f65c27793c4cd1e985b manifest_sha256=c16f9d41ec75c51be6d1849632c1c932bfea6394d24f492db553d8da675f05f3 schema=glm53-p4-mcg-tp-rank.v2 backend=b12x-p4-trellis-mxf4nvf4 law=procedural-mcg-alpha1-rne-e2m1 mma=mxf4nvf4 E2M1 E4M3_K16 identity physical_bpw=4.5 ldlq=false
GLM53_P4_NATIVE_WEIGHTS_READY layer=3 rank=0 sidecar_sha256=addd614e5ee554948d01bafd1b7c3137b7f4eaf8716f5b009021be3705baa65c design_sha256=a79285866c563bf5d78db3797ce9099b46d158da5d7d9f65c27793c4cd1e985b manifest_sha256=c16f9d41ec75c51be6d1849632c1c932bfea6394d24f492db553d8da675f05f3 released_carrier_bytes=8 backend=b12x-p4-trellis-mxf4nvf4 schema=glm53-p4-mcg-tp-rank.v2 law=procedural-mcg-alpha1-rne-e2m1 rounding=nearest-even-satfinite signed_zero=preserve E4M3_K16 ldlq=false
GLM53_P4_NATIVE_FORWARD layer=3 rank=0 backend=b12x-p4-trellis-mxf4nvf4 FC1=trellis_E2M1_K64 SwiGLU=clamp10 FC2=trellis_E2M1_K64 mma=mxf4nvf4 scale=E4M3_K16 routing=stock_glm topk_sum=fixed_order tp_reduction=runner physical_payload_bpw=4.5 ldlq=false
.GLM53_P4_NATIVE_PATCH_ACTIVE layers=3 tp=4 design_sha256=a79285866c563bf5d78db3797ce9099b46d158da5d7d9f65c27793c4cd1e985b manifest_sha256=c16f9d41ec75c51be6d1849632c1c932bfea6394d24f492db553d8da675f05f3 schema=glm53-p4-mcg-tp-rank.v2 backend=b12x-p4-trellis-mxf4nvf4 law=procedural-mcg-alpha1-rne-e2m1 mma=mxf4nvf4 E2M1 E4M3_K16 identity physical_bpw=4.5 ldlq=false
GLM53_P4_NATIVE_WEIGHTS_READY layer=3 rank=0 sidecar_sha256=addd614e5ee554948d01bafd1b7c3137b7f4eaf8716f5b009021be3705baa65c design_sha256=a79285866c563bf5d78db3797ce9099b46d158da5d7d9f65c27793c4cd1e985b manifest_sha256=c16f9d41ec75c51be6d1849632c1c932bfea6394d24f492db553d8da675f05f3 released_carrier_bytes=8 backend=b12x-p4-trellis-mxf4nvf4 schema=glm53-p4-mcg-tp-rank.v2 law=procedural-mcg-alpha1-rne-e2m1 rounding=nearest-even-satfinite signed_zero=preserve E4M3_K16 ldlq=false
GLM53_P4_NATIVE_FORWARD layer=3 rank=0 backend=b12x-p4-trellis-mxf4nvf4 FC1=trellis_E2M1_K64 SwiGLU=clamp10 FC2=trellis_E2M1_K64 mma=mxf4nvf4 scale=E4M3_K16 routing=stock_glm topk_sum=fixed_order tp_reduction=runner physical_payload_bpw=4.5 ldlq=false
.vllm_source_sha256 models/glm5next/nvidia/model.py 3da748cf1a431679dd580d898853729963af405e68dfc5b5569ee25f4131e9ad
vllm_source_sha256 model_executor/layers/fused_moe/layer.py d752ba7d226903ce6ee83766fea9853caff9b6cfe0053e3186a6e8cfd0585317
vllm_source_sha256 model_executor/layers/fused_moe/runner/moe_runner.py 35c809cdc644749ed9a07ee45f9c4be8e4edbc752a12f9b59bb89f82463eedae
vllm_source_sha256 model_executor/model_loader/utils.py e53afb80b17a7db8d2198566a67f54d09c50ae965ef4d1c2992e97ab2d078986
vllm_source_sha256 model_executor/layers/fused_moe/config.py 0d1e20da0bbbecf9af26dc21c6b4a67e71f19df8f04cd05d1795f41d50430461
.state_census_sha256=195d9e9aac6dca94828fa8f693e9bcbba6804f8e160566ce02cad7ba742b7ba1
.....gate_packed_sha256=f89f698018331a433c47634d8445d9e0db2e2f5db44235d7c0607d1128bbf106
up_packed_sha256=0e973abda7afbea5bf95de14bba201929fd5d45585074592cdb6d5a794b4b8df
down_packed_sha256=5032821148e89ef5b325ec1eb9b61b5d2f522905521f2f3c4835530c5d8b2298
...fixture_payload_bpw=4.5 fixture_with_global_scalars_bpw=4.5039062500
....................cpu_moe_output_sha256_runs=['da59d0a934094f58453c1963d7ad67fda391d87b8171e5726a392b660c306ca9', 'da59d0a934094f58453c1963d7ad67fda391d87b8171e5726a392b660c306ca9', 'da59d0a934094f58453c1963d7ad67fda391d87b8171e5726a392b660c306ca9', 'da59d0a934094f58453c1963d7ad67fda391d87b8171e5726a392b660c306ca9', 'da59d0a934094f58453c1963d7ad67fda391d87b8171e5726a392b660c306ca9']
.offline_command=['/usr/local/cuda-13.2/bin/nvcc', '-std=c++17', '-O3', '-lineinfo', '-arch=sm_120a', '--ptx', '-Xptxas=-v', '/home/brandonmusic/KLC_SANDBOXES/bmxfp4-glm53-astra-p4-serving/runtime_patch/p4/p4_moe.cu', '-o', '/tmp/pytest-of-brandonmusic/pytest-1985/p4-offline0/p4.ptx']

offline_command=['/usr/local/cuda-13.2/bin/nvcc', '-std=c++17', '-O3', '-lineinfo', '-arch=sm_120a', '--cubin', '-Xptxas=-v', '/home/brandonmusic/KLC_SANDBOXES/bmxfp4-glm53-astra-p4-serving/runtime_patch/p4/p4_moe.cu', '-o', '/tmp/pytest-of-brandonmusic/pytest-1985/p4-offline0/p4.cubin']
ptxas info    : 0 bytes gmem
ptxas info    : Compiling entry function '_ZN41_GLOBAL__N__288d180d_9_p4_moe_cu_13b396ae18p4_quantize_kernelILb0EEEvPKvPjPhl' for 'sm_120a'
ptxas info    : Function properties for _ZN41_GLOBAL__N__288d180d_9_p4_moe_cu_13b396ae18p4_quantize_kernelILb0EEEvPKvPjPhl
    0 bytes stack frame, 0 bytes spill stores, 0 bytes spill loads
ptxas info    : Used 31 registers, used 0 barriers
ptxas info    : Compile time = 8.182 ms
ptxas info    : Compiling entry function '_ZN41_GLOBAL__N__288d180d_9_p4_moe_cu_13b396ae18p4_quantize_kernelILb1EEEvPKvPjPhl' for 'sm_120a'
ptxas info    : Function properties for _ZN41_GLOBAL__N__288d180d_9_p4_moe_cu_13b396ae18p4_quantize_kernelILb1EEEvPKvPjPhl
    0 bytes stack frame, 0 bytes spill stores, 0 bytes spill loads
ptxas info    : Used 31 registers, used 0 barriers
ptxas info    : Compile time = 7.200 ms
ptxas info    : Compiling entry function '_ZN41_GLOBAL__N__288d180d_9_p4_moe_cu_13b396ae22p4_decode_probe_kernelEPKjPjiii' for 'sm_120a'
ptxas info    : Function properties for _ZN41_GLOBAL__N__288d180d_9_p4_moe_cu_13b396ae22p4_decode_probe_kernelEPKjPjiii
    0 bytes stack frame, 0 bytes spill stores, 0 bytes spill loads
ptxas info    : Used 40 registers, used 0 barriers
ptxas info    : Compile time = 19.847 ms
ptxas info    : Compiling entry function '_ZN41_GLOBAL__N__288d180d_9_p4_moe_cu_13b396ae13p4_sum_kernelEPKfS1_Pflii' for 'sm_120a'
ptxas info    : Function properties for _ZN41_GLOBAL__N__288d180d_9_p4_moe_cu_13b396ae13p4_sum_kernelEPKfS1_Pflii
    0 bytes stack frame, 0 bytes spill stores, 0 bytes spill loads
ptxas info    : Used 40 registers, used 0 barriers
ptxas info    : Compile time = 7.053 ms
ptxas info    : Compiling entry function '_ZN41_GLOBAL__N__288d180d_9_p4_moe_cu_13b396ae16p4_swiglu_kernelEPKfPflif' for 'sm_120a'
ptxas info    : Function properties for _ZN41_GLOBAL__N__288d180d_9_p4_moe_cu_13b396ae16p4_swiglu_kernelEPKfPflif
    0 bytes stack frame, 0 bytes spill stores, 0 bytes spill loads
ptxas info    : Used 20 registers, used 0 barriers
ptxas info    : Compile time = 6.728 ms
ptxas info    : Compiling entry function '_ZN41_GLOBAL__N__288d180d_9_p4_moe_cu_13b396ae17p4_project_kernelEPKjPKhS1_S3_PKfPKlS7_S7_Pfiiiii' for 'sm_120a'
ptxas info    : Function properties for _ZN41_GLOBAL__N__288d180d_9_p4_moe_cu_13b396ae17p4_project_kernelEPKjPKhS1_S3_PKfPKlS7_S7_Pfiiiii
    0 bytes stack frame, 0 bytes spill stores, 0 bytes spill loads
ptxas info    : Used 62 registers, used 2 barriers, 1728 bytes smem
ptxas info    : Compile time = 51.077 ms

assembled_mma_sites=15 representative=/*6f80*/                   OMMA.SF.16864.F32.E2M1.E2M1.UE4M3.4X R20, R20, R34, R16, R31, R40, URZ ;  /* 0x72801f221414747f */
offline_ptx_sha256=a3dedbf23a8fc1153b5ae2fcf4cb28e4be86d2ec5084076811e68e182a5e9bcc
.linked_library_mma_sites=15
..............................................
119 passed in 6.02s
