[2026-09-05T00:33:22-04:00] waiting for KLD service=glm53-uniform-p8-all42-kld-v1a2.service
{"status": "pass", "claim": "different-topology target-only product comparison", "failed_log_sha256": "487300b154f500b8c864193ffd0c3088057f8deaec607c4310e3889828eb4567"}
p8-uniform-all42-tp4-vs-exl3-speed-v2.json: OK
p8-speed-v2-operational-a1.json: OK
p8-speed-v2-operational-a2.json: OK
p8-speed-v2-operational-a3.json: OK
p8-all42-runtime-image-amendment-2.json: OK
{"amendment_sha256": "30663203d97066b8695a17690700e6b17e770be199b6728108ee410bc6f64a48", "gpu_used": false, "image_id": "sha256:5da4ef3e814a71c6bcc47a7eb409a02fe4e3d5d867261f0b8e2e9b2d6ebb8ef8", "source_sha256": {"/opt/infernal-invocation/b12x/b12x/moe/_shared/kernels/dynamic.py": "2428e8a6abaec75348181e6afee37deb2edf7697c820dd762029a453c8b071e4", "/opt/infernal-invocation/b12x/b12x/moe/_shared/kernels/w4a8_mcg_decode.py": "8b1e90d3189231ff77b4e3a44aa8d51d4383d565d5e43a7e73faa40cec65b17f"}, "status": "pass"}
{"status": "pass", "windows": 32, "causal_positions": 65504, "native_dispatch": {"weights_ready": 168, "forward": 168}, "candidate_mean_kld": 0.04002139481676188}
{"files_sha256": "09f7ef1f26bc582633bc86f0509c65825af606d791766468e870db62fae47118", "status": "pass"}
{"full_capture_complete": true, "ranks": [0, 1, 2, 3], "status": "pass"}
[2026-09-05T00:37:16-04:00] round=1 arm=exl3 complete
{"full_capture_complete": true, "ranks": [0, 1, 2, 3], "status": "pass"}
[2026-09-05T00:42:23-04:00] round=1 arm=p8 complete
{"full_capture_complete": true, "ranks": [0, 1, 2, 3], "status": "pass"}
[2026-09-05T00:47:03-04:00] round=2 arm=p8 complete
{"full_capture_complete": true, "ranks": [0, 1, 2, 3], "status": "pass"}
[2026-09-05T00:51:37-04:00] round=2 arm=exl3 complete
{"full_capture_complete": true, "ranks": [0, 1, 2, 3], "status": "pass"}
[2026-09-05T00:56:02-04:00] round=3 arm=exl3 complete
{"full_capture_complete": true, "ranks": [0, 1, 2, 3], "status": "pass"}
[2026-09-05T01:00:53-04:00] round=3 arm=p8 complete
{"full_capture_complete": true, "ranks": [0, 1, 2, 3], "status": "pass"}
[2026-09-05T01:05:33-04:00] round=4 arm=p8 complete
{"full_capture_complete": true, "ranks": [0, 1, 2, 3], "status": "pass"}
[2026-09-05T01:10:02-04:00] round=4 arm=exl3 complete
{"full_capture_complete": true, "ranks": [0, 1, 2, 3], "status": "pass"}
[2026-09-05T01:14:27-04:00] round=5 arm=exl3 complete
{"full_capture_complete": true, "ranks": [0, 1, 2, 3], "status": "pass"}
[2026-09-05T01:19:18-04:00] round=5 arm=p8 complete
{"decode_percent_gain": -77.3255620489403, "decode_relative_gain": -0.773255620489403, "prefill_percent_gain": 11.0044785668586, "prefill_relative_gain": 0.110044785668586}
{"allocation_game": "stop", "passed": false, "rule": "median of five P8 cold runs must be strictly greater than median of five EXL3 cold runs for both primary 32K prefill and primary C1 32K decode"}
[2026-09-05T01:19:18-04:00] speed gate complete analysis=/media/brandonmusic/nvme1n1p3/glm53-trellismx-native6/uniform-p8-all42-v1/speed-v2a3/analysis.json
[2026-09-05T01:19:18-04:00] restored timer=false backend=true
