2026-09-05T01:19:29-04:00 71
2026-09-05T01:19:31-04:00 70
2026-09-05T01:19:33-04:00 70
2026-09-05T01:19:35-04:00 69
2026-09-05T01:19:38-04:00 68
2026-09-05T01:19:40-04:00 68
2026-09-05T01:19:42-04:00 67
2026-09-05T01:19:44-04:00 67
2026-09-05T01:19:46-04:00 66
2026-09-05T01:19:48-04:00 66
2026-09-05T01:19:50-04:00 65
2026-09-05T01:19:52-04:00 65
2026-09-05T01:19:54-04:00 64
2026-09-05T01:19:57-04:00 64
2026-09-05T01:19:59-04:00 64
2026-09-05T01:20:01-04:00 63
2026-09-05T01:20:03-04:00 63
2026-09-05T01:20:05-04:00 62
2026-09-05T01:20:08-04:00 62
2026-09-05T01:20:10-04:00 62
2026-09-05T01:20:12-04:00 62
2026-09-05T01:20:14-04:00 61
2026-09-05T01:20:17-04:00 61
2026-09-05T01:20:19-04:00 60
2026-09-05T01:20:21-04:00 60
2026-09-05T01:20:23-04:00 60
2026-09-05T01:20:26-04:00 59
2026-09-05T01:20:29-04:00 59
2026-09-05T01:20:31-04:00 59
2026-09-05T01:20:33-04:00 59
2026-09-05T01:20:35-04:00 63
2026-09-05T01:20:37-04:00 64
2026-09-05T01:20:39-04:00 65
2026-09-05T01:20:41-04:00 65
2026-09-05T01:20:43-04:00 66
2026-09-05T01:20:45-04:00 66
2026-09-05T01:20:47-04:00 67
2026-09-05T01:20:49-04:00 67
2026-09-05T01:20:52-04:00 68
2026-09-05T01:20:54-04:00 68
2026-09-05T01:20:56-04:00 68
2026-09-05T01:20:58-04:00 68
2026-09-05T01:21:00-04:00 69
2026-09-05T01:21:02-04:00 69
2026-09-05T01:21:04-04:00 69
2026-09-05T01:21:06-04:00 69
2026-09-05T01:21:08-04:00 70
2026-09-05T01:21:10-04:00 70
2026-09-05T01:21:12-04:00 70
2026-09-05T01:21:14-04:00 70
2026-09-05T01:21:16-04:00 70
2026-09-05T01:21:18-04:00 71
2026-09-05T01:21:21-04:00 71
2026-09-05T01:21:23-04:00 71
2026-09-05T01:21:25-04:00 71
2026-09-05T01:21:27-04:00 71
2026-09-05T01:21:29-04:00 72
2026-09-05T01:21:31-04:00 72
2026-09-05T01:21:33-04:00 72
2026-09-05T01:21:35-04:00 72
2026-09-05T01:21:37-04:00 73
2026-09-05T01:21:39-04:00 73
2026-09-05T01:21:41-04:00 73
2026-09-05T01:21:43-04:00 73
2026-09-05T01:21:45-04:00 73
2026-09-05T01:21:47-04:00 73
2026-09-05T01:21:49-04:00 73
2026-09-05T01:21:51-04:00 73
2026-09-05T01:21:54-04:00 73
2026-09-05T01:21:56-04:00 73
2026-09-05T01:21:58-04:00 73
2026-09-05T01:22:00-04:00 74
2026-09-05T01:22:02-04:00 74
2026-09-05T01:22:04-04:00 74
2026-09-05T01:22:06-04:00 74
2026-09-05T01:22:08-04:00 74
2026-09-05T01:22:10-04:00 74
2026-09-05T01:22:12-04:00 74
2026-09-05T01:22:14-04:00 74
2026-09-05T01:22:16-04:00 74
2026-09-05T01:22:18-04:00 74
2026-09-05T01:22:20-04:00 79
2026-09-05T01:22:23-04:00 80
2026-09-05T01:22:25-04:00 81
2026-09-05T01:22:27-04:00 80
2026-09-05T01:22:29-04:00 82
2026-09-05T01:22:31-04:00 83
2026-09-05T01:22:33-04:00 79
2026-09-05T01:22:35-04:00 79
2026-09-05T01:22:37-04:00 79
2026-09-05T01:22:39-04:00 79
2026-09-05T01:22:41-04:00 78
2026-09-05T01:22:43-04:00 78
2026-09-05T01:22:45-04:00 78
2026-09-05T01:22:47-04:00 78
2026-09-05T01:22:50-04:00 76
