{
  "evidence_level": "structural",
  "fixture_sha256": "26c595117479aed6d425940f1b87f7dfbe418d2e559fad51fc91d4af871a3970",
  "independent_scalar_oracle": "passed",
  "not_tested": [
    "GPU execution",
    "MMA register layout",
    "GPU scale repacking",
    "MoE integration",
    "speed",
    "model quality"
  ],
  "operand_byte_mismatches": {
    "global_scale": 0,
    "scale_e4m3": 0,
    "weight": 0
  },
  "scale_roundtrip": "passed",
  "status": "passed",
  "storage": {
    "container_header_bytes_including_padding": 1104,
    "container_length_prefix_bytes": 8,
    "container_overhead_bpw": {
      "decimal": 2.171875,
      "denominator": 64,
      "numerator": 139
    },
    "container_overhead_bytes": 1112,
    "file_bpw": {
      "decimal": 6.6796875,
      "denominator": 128,
      "numerator": 855
    },
    "file_bytes": 3420,
    "global_scale_bytes": 4,
    "logical_weights": 4096,
    "payload_bpw": {
      "decimal": 4.5078125,
      "denominator": 128,
      "numerator": 577
    },
    "payload_bytes": 2308,
    "scale_e4m3_bytes": 256,
    "state_lut_bytes": 0,
    "stream_and_scales_bpw": {
      "decimal": 4.5,
      "denominator": 2,
      "numerator": 9
    },
    "trellis_bytes": 2048
  }
}
