2026-09-05T02:10:12-04:00 32
2026-09-05T02:10:14-04:00 32
2026-09-05T02:10:16-04:00 32
2026-09-05T02:10:18-04:00 32
2026-09-05T02:10:20-04:00 32
2026-09-05T02:10:22-04:00 32
2026-09-05T02:10:24-04:00 32
2026-09-05T02:10:26-04:00 32
2026-09-05T02:10:28-04:00 32
2026-09-05T02:10:31-04:00 32
2026-09-05T02:10:33-04:00 32
2026-09-05T02:10:35-04:00 32
2026-09-05T02:10:37-04:00 32
2026-09-05T02:10:39-04:00 32
2026-09-05T02:10:41-04:00 32
2026-09-05T02:10:43-04:00 34
2026-09-05T02:10:45-04:00 34
2026-09-05T02:10:47-04:00 35
2026-09-05T02:10:49-04:00 36
2026-09-05T02:10:51-04:00 37
2026-09-05T02:10:53-04:00 37
2026-09-05T02:10:55-04:00 37
2026-09-05T02:10:58-04:00 38
2026-09-05T02:11:00-04:00 38
2026-09-05T02:11:02-04:00 38
2026-09-05T02:11:04-04:00 38
2026-09-05T02:11:06-04:00 39
2026-09-05T02:11:08-04:00 39
2026-09-05T02:11:10-04:00 39
2026-09-05T02:11:12-04:00 39
2026-09-05T02:11:14-04:00 39
2026-09-05T02:11:16-04:00 39
2026-09-05T02:11:18-04:00 39
2026-09-05T02:11:20-04:00 40
2026-09-05T02:11:22-04:00 40
2026-09-05T02:11:24-04:00 40
2026-09-05T02:11:26-04:00 40
2026-09-05T02:11:29-04:00 43
2026-09-05T02:11:31-04:00 41
2026-09-05T02:11:33-04:00 42
2026-09-05T02:11:35-04:00 41
2026-09-05T02:11:37-04:00 42
2026-09-05T02:11:39-04:00 42
2026-09-05T02:11:41-04:00 42
2026-09-05T02:11:43-04:00 42
2026-09-05T02:11:45-04:00 42
2026-09-05T02:11:47-04:00 42
2026-09-05T02:11:49-04:00 49
2026-09-05T02:11:51-04:00 51
2026-09-05T02:11:53-04:00 52
2026-09-05T02:11:55-04:00 52
2026-09-05T02:11:57-04:00 54
2026-09-05T02:12:00-04:00 55
2026-09-05T02:12:02-04:00 50
2026-09-05T02:12:04-04:00 55
2026-09-05T02:12:06-04:00 57
2026-09-05T02:12:08-04:00 53
2026-09-05T02:12:10-04:00 57
2026-09-05T02:12:12-04:00 60
2026-09-05T02:12:14-04:00 60
2026-09-05T02:12:16-04:00 55
2026-09-05T02:12:18-04:00 61
2026-09-05T02:12:20-04:00 62
2026-09-05T02:12:22-04:00 57
2026-09-05T02:12:24-04:00 63
2026-09-05T02:12:27-04:00 64
2026-09-05T02:12:29-04:00 66
2026-09-05T02:12:31-04:00 66
2026-09-05T02:12:33-04:00 64
2026-09-05T02:12:35-04:00 64
2026-09-05T02:12:37-04:00 64
2026-09-05T02:12:39-04:00 62
2026-09-05T02:12:41-04:00 67
2026-09-05T02:12:43-04:00 69
2026-09-05T02:12:45-04:00 69
2026-09-05T02:12:47-04:00 70
2026-09-05T02:12:49-04:00 71
2026-09-05T02:12:51-04:00 68
2026-09-05T02:12:54-04:00 68
2026-09-05T02:12:56-04:00 69
2026-09-05T02:12:58-04:00 69
2026-09-05T02:13:00-04:00 69
2026-09-05T02:13:02-04:00 70
2026-09-05T02:13:04-04:00 70
2026-09-05T02:13:06-04:00 70
2026-09-05T02:13:08-04:00 70
2026-09-05T02:13:10-04:00 71
2026-09-05T02:13:12-04:00 71
2026-09-05T02:13:14-04:00 69
2026-09-05T02:13:16-04:00 68
