{"case": "small", "tile_n": 128, "matches_control": true, "finite": true}
{"case": "small", "tile_n": 64, "matches_control": true, "finite": true}
{"case": "small", "tile_n": 32, "matches_control": true, "finite": true}
{"case": "unit", "tile_n": 128, "matches_control": true, "finite": true}
{"case": "unit", "tile_n": 64, "matches_control": true, "finite": true}
{"case": "unit", "tile_n": 32, "matches_control": true, "finite": true}
{"case": "clipping_stress", "tile_n": 128, "matches_control": true, "finite": true}
{"case": "clipping_stress", "tile_n": 64, "matches_control": true, "finite": true}
{"case": "clipping_stress", "tile_n": 32, "matches_control": true, "finite": true}
{"case": "zero", "tile_n": 128, "matches_control": true, "finite": true}
{"case": "zero", "tile_n": 64, "matches_control": true, "finite": true}
{"case": "zero", "tile_n": 32, "matches_control": true, "finite": true}
{"case": "tiny", "tile_n": 128, "matches_control": true, "finite": true}
{"case": "tiny", "tile_n": 64, "matches_control": true, "finite": true}
{"case": "tiny", "tile_n": 32, "matches_control": true, "finite": true}
{"case": "sparse_k_boundaries", "tile_n": 128, "matches_control": true, "finite": true}
{"case": "sparse_k_boundaries", "tile_n": 64, "matches_control": true, "finite": true}
{"case": "sparse_k_boundaries", "tile_n": 32, "matches_control": true, "finite": true}
{"case": "route_permutation", "tile_n": 128, "matches_control": true, "finite": true}
{"case": "route_permutation", "tile_n": 64, "matches_control": true, "finite": true}
{"case": "route_permutation", "tile_n": 32, "matches_control": true, "finite": true}
{"case": "zero_route_weight", "tile_n": 128, "matches_control": true, "finite": true}
{"case": "zero_route_weight", "tile_n": 64, "matches_control": true, "finite": true}
{"case": "zero_route_weight", "tile_n": 32, "matches_control": true, "finite": true}
{"case": "fallback_m2", "tile_n": 128, "matches_control": true, "finite": true}
{"case": "fallback_m2", "tile_n": 64, "matches_control": true, "finite": true}
{"case": "fallback_m2", "tile_n": 32, "matches_control": true, "finite": true}
{"case": "fallback_m3", "tile_n": 128, "matches_control": true, "finite": true}
{"case": "fallback_m3", "tile_n": 64, "matches_control": true, "finite": true}
{"case": "fallback_m3", "tile_n": 32, "matches_control": true, "finite": true}
{"correctness_pass": true, "reduction_by_tile": {"64": 0.4410916269928149, "32": 0.4406478694627558}, "speed_pass_by_tile": {"64": true, "32": true}}
