enforce_eager=False
Breakable CUDA graph enabled
(Worker_TP1) Graph capturing finished
(Worker_TP3) Graph capturing finished
(Worker_TP0) Graph capturing finished
(Worker_TP2) Graph capturing finished
Capturing CUDA graphs (FULL): 100%
Capturing CUDA graphs (FULL): 100%
'enable_expert_parallel': True
GLM-5.3 routed-only EXL3: streaming unsliced K4 experts
tensor_parallel_size=4
decode_context_parallel_size=4
speculative_config=None
kv_cache_dtype=nvfp4_ds_mla
quantization=exl3
kv_cache_dtype=nvfp4_ds_mla
kv_cache_dtype=nvfp4_ds_mla
kv_cache_dtype=nvfp4_ds_mla
kv_cache_dtype=nvfp4_ds_mla
kv_cache_dtype=nvfp4_ds_mla
kv_cache_dtype=nvfp4_ds_mla
kv_cache_dtype=nvfp4_ds_mla
kv_cache_dtype=nvfp4_ds_mla
kv_cache_dtype=nvfp4_ds_mla
kv_cache_dtype=nvfp4_ds_mla
kv_cache_dtype=nvfp4_ds_mla
kv_cache_dtype=nvfp4_ds_mla
kv_cache_dtype=nvfp4_ds_mla
kv_cache_dtype=nvfp4_ds_mla
kv_cache_dtype=nvfp4_ds_mla
kv_cache_dtype=nvfp4_ds_mla
kv_cache_dtype=nvfp4_ds_mla
kv_cache_dtype=nvfp4_ds_mla
kv_cache_dtype=nvfp4_ds_mla
kv_cache_dtype=nvfp4_ds_mla
kv_cache_dtype=nvfp4_ds_mla
kv_cache_dtype=nvfp4_ds_mla
kv_cache_dtype=nvfp4_ds_mla
kv_cache_dtype=nvfp4_ds_mla
kv_cache_dtype=nvfp4_ds_mla
kv_cache_dtype=nvfp4_ds_mla
kv_cache_dtype=nvfp4_ds_mla
kv_cache_dtype=nvfp4_ds_mla
kv_cache_dtype=nvfp4_ds_mla
kv_cache_dtype=nvfp4_ds_mla
kv_cache_dtype=nvfp4_ds_mla
kv_cache_dtype=nvfp4_ds_mla
kv_cache_dtype=nvfp4_ds_mla
kv_cache_dtype=nvfp4_ds_mla
kv_cache_dtype=nvfp4_ds_mla
kv_cache_dtype=nvfp4_ds_mla
kv_cache_dtype=nvfp4_ds_mla
kv_cache_dtype=nvfp4_ds_mla
kv_cache_dtype=nvfp4_ds_mla
kv_cache_dtype=nvfp4_ds_mla
kv_cache_dtype=nvfp4_ds_mla
kv_cache_dtype=nvfp4_ds_mla
kv_cache_dtype=nvfp4_ds_mla
kv_cache_dtype=nvfp4_ds_mla
EXL3 full-expert EP runtime planned
