enforce_eager=False
GLM53_P8_NATIVE_FORWARD layer=3 rank=2 small_m_scheduler=true
GLM53_P8_NATIVE_FORWARD layer=3 rank=1 small_m_scheduler=true
GLM53_P8_NATIVE_FORWARD layer=3 rank=0 small_m_scheduler=true
GLM53_P8_NATIVE_FORWARD layer=3 rank=3 small_m_scheduler=true
GLM53_P8_NATIVE_FORWARD layer=4 rank=1 small_m_scheduler=true
GLM53_P8_NATIVE_FORWARD layer=4 rank=2 small_m_scheduler=true
GLM53_P8_NATIVE_FORWARD layer=4 rank=3 small_m_scheduler=true
GLM53_P8_NATIVE_FORWARD layer=4 rank=0 small_m_scheduler=true
GLM53_P8_NATIVE_FORWARD layer=5 rank=1 small_m_scheduler=true
GLM53_P8_NATIVE_FORWARD layer=5 rank=2 small_m_scheduler=true
GLM53_P8_NATIVE_FORWARD layer=5 rank=3 small_m_scheduler=true
GLM53_P8_NATIVE_FORWARD layer=5 rank=0 small_m_scheduler=true
GLM53_P8_NATIVE_FORWARD layer=6 rank=1 small_m_scheduler=true
GLM53_P8_NATIVE_FORWARD layer=6 rank=2 small_m_scheduler=true
GLM53_P8_NATIVE_FORWARD layer=6 rank=3 small_m_scheduler=true
GLM53_P8_NATIVE_FORWARD layer=6 rank=0 small_m_scheduler=true
GLM53_P8_NATIVE_FORWARD layer=7 rank=1 small_m_scheduler=true
GLM53_P8_NATIVE_FORWARD layer=7 rank=3 small_m_scheduler=true
GLM53_P8_NATIVE_FORWARD layer=7 rank=2 small_m_scheduler=true
GLM53_P8_NATIVE_FORWARD layer=7 rank=0 small_m_scheduler=true
GLM53_P8_NATIVE_FORWARD layer=8 rank=1 small_m_scheduler=true
GLM53_P8_NATIVE_FORWARD layer=8 rank=3 small_m_scheduler=true
GLM53_P8_NATIVE_FORWARD layer=8 rank=2 small_m_scheduler=true
GLM53_P8_NATIVE_FORWARD layer=8 rank=0 small_m_scheduler=true
GLM53_P8_NATIVE_FORWARD layer=9 rank=3 small_m_scheduler=true
GLM53_P8_NATIVE_FORWARD layer=9 rank=1 small_m_scheduler=true
GLM53_P8_NATIVE_FORWARD layer=9 rank=2 small_m_scheduler=true
GLM53_P8_NATIVE_FORWARD layer=9 rank=0 small_m_scheduler=true
GLM53_P8_NATIVE_FORWARD layer=10 rank=3 small_m_scheduler=true
GLM53_P8_NATIVE_FORWARD layer=10 rank=1 small_m_scheduler=true
GLM53_P8_NATIVE_FORWARD layer=10 rank=2 small_m_scheduler=true
GLM53_P8_NATIVE_FORWARD layer=10 rank=0 small_m_scheduler=true
GLM53_P8_NATIVE_FORWARD layer=11 rank=3 small_m_scheduler=true
GLM53_P8_NATIVE_FORWARD layer=11 rank=1 small_m_scheduler=true
GLM53_P8_NATIVE_FORWARD layer=11 rank=2 small_m_scheduler=true
GLM53_P8_NATIVE_FORWARD layer=11 rank=0 small_m_scheduler=true
GLM53_P8_NATIVE_FORWARD layer=12 rank=3 small_m_scheduler=true
GLM53_P8_NATIVE_FORWARD layer=12 rank=2 small_m_scheduler=true
GLM53_P8_NATIVE_FORWARD layer=12 rank=1 small_m_scheduler=true
GLM53_P8_NATIVE_FORWARD layer=12 rank=0 small_m_scheduler=true
GLM53_P8_NATIVE_FORWARD layer=13 rank=3 small_m_scheduler=true
GLM53_P8_NATIVE_FORWARD layer=13 rank=2 small_m_scheduler=true
GLM53_P8_NATIVE_FORWARD layer=13 rank=1 small_m_scheduler=true
GLM53_P8_NATIVE_FORWARD layer=13 rank=0 small_m_scheduler=true
GLM53_P8_NATIVE_FORWARD layer=14 rank=3 small_m_scheduler=true
GLM53_P8_NATIVE_FORWARD layer=14 rank=2 small_m_scheduler=true
GLM53_P8_NATIVE_FORWARD layer=14 rank=1 small_m_scheduler=true
GLM53_P8_NATIVE_FORWARD layer=14 rank=0 small_m_scheduler=true
GLM53_P8_NATIVE_FORWARD layer=15 rank=3 small_m_scheduler=true
GLM53_P8_NATIVE_FORWARD layer=15 rank=2 small_m_scheduler=true
GLM53_P8_NATIVE_FORWARD layer=15 rank=1 small_m_scheduler=true
GLM53_P8_NATIVE_FORWARD layer=15 rank=0 small_m_scheduler=true
GLM53_P8_NATIVE_FORWARD layer=16 rank=3 small_m_scheduler=true
GLM53_P8_NATIVE_FORWARD layer=16 rank=2 small_m_scheduler=true
GLM53_P8_NATIVE_FORWARD layer=16 rank=0 small_m_scheduler=true
GLM53_P8_NATIVE_FORWARD layer=16 rank=1 small_m_scheduler=true
GLM53_P8_NATIVE_FORWARD layer=17 rank=3 small_m_scheduler=true
GLM53_P8_NATIVE_FORWARD layer=17 rank=2 small_m_scheduler=true
GLM53_P8_NATIVE_FORWARD layer=17 rank=0 small_m_scheduler=true
GLM53_P8_NATIVE_FORWARD layer=17 rank=1 small_m_scheduler=true
GLM53_P8_NATIVE_FORWARD layer=18 rank=3 small_m_scheduler=true
GLM53_P8_NATIVE_FORWARD layer=18 rank=2 small_m_scheduler=true
GLM53_P8_NATIVE_FORWARD layer=18 rank=0 small_m_scheduler=true
GLM53_P8_NATIVE_FORWARD layer=18 rank=1 small_m_scheduler=true
GLM53_P8_NATIVE_FORWARD layer=19 rank=3 small_m_scheduler=true
GLM53_P8_NATIVE_FORWARD layer=19 rank=2 small_m_scheduler=true
GLM53_P8_NATIVE_FORWARD layer=19 rank=0 small_m_scheduler=true
GLM53_P8_NATIVE_FORWARD layer=19 rank=1 small_m_scheduler=true
GLM53_P8_NATIVE_FORWARD layer=20 rank=3 small_m_scheduler=true
GLM53_P8_NATIVE_FORWARD layer=20 rank=2 small_m_scheduler=true
GLM53_P8_NATIVE_FORWARD layer=20 rank=0 small_m_scheduler=true
GLM53_P8_NATIVE_FORWARD layer=20 rank=1 small_m_scheduler=true
GLM53_P8_NATIVE_FORWARD layer=21 rank=3 small_m_scheduler=true
GLM53_P8_NATIVE_FORWARD layer=21 rank=2 small_m_scheduler=true
GLM53_P8_NATIVE_FORWARD layer=21 rank=0 small_m_scheduler=true
GLM53_P8_NATIVE_FORWARD layer=22 rank=3 small_m_scheduler=true
GLM53_P8_NATIVE_FORWARD layer=21 rank=1 small_m_scheduler=true
GLM53_P8_NATIVE_FORWARD layer=22 rank=2 small_m_scheduler=true
GLM53_P8_NATIVE_FORWARD layer=22 rank=0 small_m_scheduler=true
GLM53_P8_NATIVE_FORWARD layer=22 rank=1 small_m_scheduler=true
GLM53_P8_NATIVE_FORWARD layer=23 rank=3 small_m_scheduler=true
GLM53_P8_NATIVE_FORWARD layer=23 rank=2 small_m_scheduler=true
GLM53_P8_NATIVE_FORWARD layer=23 rank=0 small_m_scheduler=true
GLM53_P8_NATIVE_FORWARD layer=24 rank=3 small_m_scheduler=true
GLM53_P8_NATIVE_FORWARD layer=23 rank=1 small_m_scheduler=true
GLM53_P8_NATIVE_FORWARD layer=24 rank=2 small_m_scheduler=true
GLM53_P8_NATIVE_FORWARD layer=24 rank=0 small_m_scheduler=true
GLM53_P8_NATIVE_FORWARD layer=25 rank=3 small_m_scheduler=true
GLM53_P8_NATIVE_FORWARD layer=24 rank=1 small_m_scheduler=true
GLM53_P8_NATIVE_FORWARD layer=25 rank=2 small_m_scheduler=true
GLM53_P8_NATIVE_FORWARD layer=25 rank=0 small_m_scheduler=true
GLM53_P8_NATIVE_FORWARD layer=26 rank=3 small_m_scheduler=true
GLM53_P8_NATIVE_FORWARD layer=25 rank=1 small_m_scheduler=true
GLM53_P8_NATIVE_FORWARD layer=26 rank=2 small_m_scheduler=true
GLM53_P8_NATIVE_FORWARD layer=26 rank=0 small_m_scheduler=true
GLM53_P8_NATIVE_FORWARD layer=27 rank=3 small_m_scheduler=true
GLM53_P8_NATIVE_FORWARD layer=26 rank=1 small_m_scheduler=true
GLM53_P8_NATIVE_FORWARD layer=27 rank=2 small_m_scheduler=true
GLM53_P8_NATIVE_FORWARD layer=27 rank=0 small_m_scheduler=true
GLM53_P8_NATIVE_FORWARD layer=28 rank=3 small_m_scheduler=true
GLM53_P8_NATIVE_FORWARD layer=28 rank=2 small_m_scheduler=true
GLM53_P8_NATIVE_FORWARD layer=27 rank=1 small_m_scheduler=true
GLM53_P8_NATIVE_FORWARD layer=28 rank=0 small_m_scheduler=true
GLM53_P8_NATIVE_FORWARD layer=29 rank=3 small_m_scheduler=true
GLM53_P8_NATIVE_FORWARD layer=29 rank=2 small_m_scheduler=true
GLM53_P8_NATIVE_FORWARD layer=28 rank=1 small_m_scheduler=true
GLM53_P8_NATIVE_FORWARD layer=29 rank=0 small_m_scheduler=true
GLM53_P8_NATIVE_FORWARD layer=30 rank=3 small_m_scheduler=true
GLM53_P8_NATIVE_FORWARD layer=30 rank=2 small_m_scheduler=true
GLM53_P8_NATIVE_FORWARD layer=29 rank=1 small_m_scheduler=true
GLM53_P8_NATIVE_FORWARD layer=30 rank=0 small_m_scheduler=true
GLM53_P8_NATIVE_FORWARD layer=31 rank=3 small_m_scheduler=true
GLM53_P8_NATIVE_FORWARD layer=30 rank=1 small_m_scheduler=true
GLM53_P8_NATIVE_FORWARD layer=31 rank=2 small_m_scheduler=true
GLM53_P8_NATIVE_FORWARD layer=31 rank=0 small_m_scheduler=true
GLM53_P8_NATIVE_FORWARD layer=32 rank=3 small_m_scheduler=true
GLM53_P8_NATIVE_FORWARD layer=32 rank=2 small_m_scheduler=true
GLM53_P8_NATIVE_FORWARD layer=32 rank=0 small_m_scheduler=true
GLM53_P8_NATIVE_FORWARD layer=31 rank=1 small_m_scheduler=true
GLM53_P8_NATIVE_FORWARD layer=32 rank=1 small_m_scheduler=true
GLM53_P8_NATIVE_FORWARD layer=33 rank=1 small_m_scheduler=true
GLM53_P8_NATIVE_FORWARD layer=33 rank=0 small_m_scheduler=true
GLM53_P8_NATIVE_FORWARD layer=33 rank=3 small_m_scheduler=true
GLM53_P8_NATIVE_FORWARD layer=33 rank=2 small_m_scheduler=true
GLM53_P8_NATIVE_FORWARD layer=34 rank=1 small_m_scheduler=true
GLM53_P8_NATIVE_FORWARD layer=34 rank=3 small_m_scheduler=true
GLM53_P8_NATIVE_FORWARD layer=34 rank=0 small_m_scheduler=true
GLM53_P8_NATIVE_FORWARD layer=34 rank=2 small_m_scheduler=true
GLM53_P8_NATIVE_FORWARD layer=35 rank=3 small_m_scheduler=true
GLM53_P8_NATIVE_FORWARD layer=35 rank=1 small_m_scheduler=true
GLM53_P8_NATIVE_FORWARD layer=35 rank=0 small_m_scheduler=true
GLM53_P8_NATIVE_FORWARD layer=35 rank=2 small_m_scheduler=true
GLM53_P8_NATIVE_FORWARD layer=36 rank=3 small_m_scheduler=true
GLM53_P8_NATIVE_FORWARD layer=36 rank=1 small_m_scheduler=true
GLM53_P8_NATIVE_FORWARD layer=36 rank=0 small_m_scheduler=true
GLM53_P8_NATIVE_FORWARD layer=36 rank=2 small_m_scheduler=true
GLM53_P8_NATIVE_FORWARD layer=37 rank=1 small_m_scheduler=true
GLM53_P8_NATIVE_FORWARD layer=37 rank=0 small_m_scheduler=true
GLM53_P8_NATIVE_FORWARD layer=37 rank=3 small_m_scheduler=true
GLM53_P8_NATIVE_FORWARD layer=37 rank=2 small_m_scheduler=true
GLM53_P8_NATIVE_FORWARD layer=38 rank=1 small_m_scheduler=true
GLM53_P8_NATIVE_FORWARD layer=38 rank=3 small_m_scheduler=true
GLM53_P8_NATIVE_FORWARD layer=38 rank=0 small_m_scheduler=true
GLM53_P8_NATIVE_FORWARD layer=38 rank=2 small_m_scheduler=true
GLM53_P8_NATIVE_FORWARD layer=39 rank=3 small_m_scheduler=true
GLM53_P8_NATIVE_FORWARD layer=39 rank=1 small_m_scheduler=true
GLM53_P8_NATIVE_FORWARD layer=39 rank=0 small_m_scheduler=true
GLM53_P8_NATIVE_FORWARD layer=39 rank=2 small_m_scheduler=true
GLM53_P8_NATIVE_FORWARD layer=40 rank=3 small_m_scheduler=true
GLM53_P8_NATIVE_FORWARD layer=40 rank=1 small_m_scheduler=true
GLM53_P8_NATIVE_FORWARD layer=40 rank=0 small_m_scheduler=true
GLM53_P8_NATIVE_FORWARD layer=40 rank=2 small_m_scheduler=true
GLM53_P8_NATIVE_FORWARD layer=41 rank=1 small_m_scheduler=true
GLM53_P8_NATIVE_FORWARD layer=41 rank=3 small_m_scheduler=true
GLM53_P8_NATIVE_FORWARD layer=41 rank=0 small_m_scheduler=true
GLM53_P8_NATIVE_FORWARD layer=41 rank=2 small_m_scheduler=true
GLM53_P8_NATIVE_FORWARD layer=42 rank=1 small_m_scheduler=true
GLM53_P8_NATIVE_FORWARD layer=42 rank=3 small_m_scheduler=true
GLM53_P8_NATIVE_FORWARD layer=42 rank=0 small_m_scheduler=true
GLM53_P8_NATIVE_FORWARD layer=42 rank=2 small_m_scheduler=true
GLM53_P8_NATIVE_FORWARD layer=43 rank=3 small_m_scheduler=true
GLM53_P8_NATIVE_FORWARD layer=43 rank=1 small_m_scheduler=true
GLM53_P8_NATIVE_FORWARD layer=43 rank=0 small_m_scheduler=true
GLM53_P8_NATIVE_FORWARD layer=43 rank=2 small_m_scheduler=true
GLM53_P8_NATIVE_FORWARD layer=44 rank=3 small_m_scheduler=true
GLM53_P8_NATIVE_FORWARD layer=44 rank=1 small_m_scheduler=true
GLM53_P8_NATIVE_FORWARD layer=44 rank=0 small_m_scheduler=true
GLM53_P8_NATIVE_FORWARD layer=44 rank=2 small_m_scheduler=true
Breakable CUDA graph enabled
GLM53_P8_M1_DISPATCH layer=3 rank=3 fc1_tile_n=64 fused_scratch_zero=true
GLM53_P8_M1_DISPATCH layer=3 rank=0 fc1_tile_n=64 fused_scratch_zero=true
GLM53_P8_M1_DISPATCH layer=3 rank=2 fc1_tile_n=64 fused_scratch_zero=true
GLM53_P8_M1_DISPATCH layer=3 rank=1 fc1_tile_n=64 fused_scratch_zero=true
GLM53_P8_M1_DISPATCH layer=4 rank=0 fc1_tile_n=64 fused_scratch_zero=true
GLM53_P8_M1_DISPATCH layer=4 rank=1 fc1_tile_n=64 fused_scratch_zero=true
GLM53_P8_M1_DISPATCH layer=4 rank=2 fc1_tile_n=64 fused_scratch_zero=true
GLM53_P8_M1_DISPATCH layer=4 rank=3 fc1_tile_n=64 fused_scratch_zero=true
GLM53_P8_M1_DISPATCH layer=5 rank=0 fc1_tile_n=64 fused_scratch_zero=true
GLM53_P8_M1_DISPATCH layer=5 rank=2 fc1_tile_n=64 fused_scratch_zero=true
GLM53_P8_M1_DISPATCH layer=5 rank=3 fc1_tile_n=64 fused_scratch_zero=true
GLM53_P8_M1_DISPATCH layer=5 rank=1 fc1_tile_n=64 fused_scratch_zero=true
GLM53_P8_M1_DISPATCH layer=6 rank=0 fc1_tile_n=64 fused_scratch_zero=true
GLM53_P8_M1_DISPATCH layer=6 rank=2 fc1_tile_n=64 fused_scratch_zero=true
GLM53_P8_M1_DISPATCH layer=6 rank=3 fc1_tile_n=64 fused_scratch_zero=true
GLM53_P8_M1_DISPATCH layer=6 rank=1 fc1_tile_n=64 fused_scratch_zero=true
GLM53_P8_M1_DISPATCH layer=7 rank=2 fc1_tile_n=64 fused_scratch_zero=true
GLM53_P8_M1_DISPATCH layer=7 rank=3 fc1_tile_n=64 fused_scratch_zero=true
GLM53_P8_M1_DISPATCH layer=7 rank=0 fc1_tile_n=64 fused_scratch_zero=true
GLM53_P8_M1_DISPATCH layer=7 rank=1 fc1_tile_n=64 fused_scratch_zero=true
GLM53_P8_M1_DISPATCH layer=8 rank=0 fc1_tile_n=64 fused_scratch_zero=true
GLM53_P8_M1_DISPATCH layer=8 rank=3 fc1_tile_n=64 fused_scratch_zero=true
GLM53_P8_M1_DISPATCH layer=8 rank=2 fc1_tile_n=64 fused_scratch_zero=true
GLM53_P8_M1_DISPATCH layer=8 rank=1 fc1_tile_n=64 fused_scratch_zero=true
GLM53_P8_M1_DISPATCH layer=9 rank=0 fc1_tile_n=64 fused_scratch_zero=true
GLM53_P8_M1_DISPATCH layer=9 rank=2 fc1_tile_n=64 fused_scratch_zero=true
GLM53_P8_M1_DISPATCH layer=9 rank=3 fc1_tile_n=64 fused_scratch_zero=true
GLM53_P8_M1_DISPATCH layer=9 rank=1 fc1_tile_n=64 fused_scratch_zero=true
GLM53_P8_M1_DISPATCH layer=10 rank=0 fc1_tile_n=64 fused_scratch_zero=true
GLM53_P8_M1_DISPATCH layer=10 rank=2 fc1_tile_n=64 fused_scratch_zero=true
GLM53_P8_M1_DISPATCH layer=10 rank=3 fc1_tile_n=64 fused_scratch_zero=true
GLM53_P8_M1_DISPATCH layer=10 rank=1 fc1_tile_n=64 fused_scratch_zero=true
GLM53_P8_M1_DISPATCH layer=11 rank=0 fc1_tile_n=64 fused_scratch_zero=true
GLM53_P8_M1_DISPATCH layer=11 rank=2 fc1_tile_n=64 fused_scratch_zero=true
GLM53_P8_M1_DISPATCH layer=11 rank=3 fc1_tile_n=64 fused_scratch_zero=true
GLM53_P8_M1_DISPATCH layer=11 rank=1 fc1_tile_n=64 fused_scratch_zero=true
GLM53_P8_M1_DISPATCH layer=12 rank=0 fc1_tile_n=64 fused_scratch_zero=true
GLM53_P8_M1_DISPATCH layer=12 rank=2 fc1_tile_n=64 fused_scratch_zero=true
GLM53_P8_M1_DISPATCH layer=12 rank=3 fc1_tile_n=64 fused_scratch_zero=true
GLM53_P8_M1_DISPATCH layer=12 rank=1 fc1_tile_n=64 fused_scratch_zero=true
GLM53_P8_M1_DISPATCH layer=13 rank=0 fc1_tile_n=64 fused_scratch_zero=true
GLM53_P8_M1_DISPATCH layer=13 rank=3 fc1_tile_n=64 fused_scratch_zero=true
GLM53_P8_M1_DISPATCH layer=13 rank=2 fc1_tile_n=64 fused_scratch_zero=true
GLM53_P8_M1_DISPATCH layer=13 rank=1 fc1_tile_n=64 fused_scratch_zero=true
GLM53_P8_M1_DISPATCH layer=14 rank=0 fc1_tile_n=64 fused_scratch_zero=true
GLM53_P8_M1_DISPATCH layer=14 rank=3 fc1_tile_n=64 fused_scratch_zero=true
GLM53_P8_M1_DISPATCH layer=14 rank=2 fc1_tile_n=64 fused_scratch_zero=true
GLM53_P8_M1_DISPATCH layer=14 rank=1 fc1_tile_n=64 fused_scratch_zero=true
GLM53_P8_M1_DISPATCH layer=15 rank=0 fc1_tile_n=64 fused_scratch_zero=true
GLM53_P8_M1_DISPATCH layer=15 rank=2 fc1_tile_n=64 fused_scratch_zero=true
GLM53_P8_M1_DISPATCH layer=15 rank=3 fc1_tile_n=64 fused_scratch_zero=true
GLM53_P8_M1_DISPATCH layer=15 rank=1 fc1_tile_n=64 fused_scratch_zero=true
GLM53_P8_M1_DISPATCH layer=16 rank=0 fc1_tile_n=64 fused_scratch_zero=true
GLM53_P8_M1_DISPATCH layer=16 rank=3 fc1_tile_n=64 fused_scratch_zero=true
GLM53_P8_M1_DISPATCH layer=16 rank=2 fc1_tile_n=64 fused_scratch_zero=true
GLM53_P8_M1_DISPATCH layer=16 rank=1 fc1_tile_n=64 fused_scratch_zero=true
GLM53_P8_M1_DISPATCH layer=17 rank=0 fc1_tile_n=64 fused_scratch_zero=true
GLM53_P8_M1_DISPATCH layer=17 rank=3 fc1_tile_n=64 fused_scratch_zero=true
GLM53_P8_M1_DISPATCH layer=17 rank=2 fc1_tile_n=64 fused_scratch_zero=true
GLM53_P8_M1_DISPATCH layer=17 rank=1 fc1_tile_n=64 fused_scratch_zero=true
GLM53_P8_M1_DISPATCH layer=18 rank=0 fc1_tile_n=64 fused_scratch_zero=true
GLM53_P8_M1_DISPATCH layer=18 rank=3 fc1_tile_n=64 fused_scratch_zero=true
GLM53_P8_M1_DISPATCH layer=18 rank=2 fc1_tile_n=64 fused_scratch_zero=true
GLM53_P8_M1_DISPATCH layer=18 rank=1 fc1_tile_n=64 fused_scratch_zero=true
GLM53_P8_M1_DISPATCH layer=19 rank=3 fc1_tile_n=64 fused_scratch_zero=true
GLM53_P8_M1_DISPATCH layer=19 rank=0 fc1_tile_n=64 fused_scratch_zero=true
GLM53_P8_M1_DISPATCH layer=19 rank=2 fc1_tile_n=64 fused_scratch_zero=true
GLM53_P8_M1_DISPATCH layer=19 rank=1 fc1_tile_n=64 fused_scratch_zero=true
GLM53_P8_M1_DISPATCH layer=20 rank=3 fc1_tile_n=64 fused_scratch_zero=true
GLM53_P8_M1_DISPATCH layer=20 rank=0 fc1_tile_n=64 fused_scratch_zero=true
GLM53_P8_M1_DISPATCH layer=20 rank=2 fc1_tile_n=64 fused_scratch_zero=true
GLM53_P8_M1_DISPATCH layer=20 rank=1 fc1_tile_n=64 fused_scratch_zero=true
GLM53_P8_M1_DISPATCH layer=21 rank=3 fc1_tile_n=64 fused_scratch_zero=true
GLM53_P8_M1_DISPATCH layer=21 rank=0 fc1_tile_n=64 fused_scratch_zero=true
GLM53_P8_M1_DISPATCH layer=21 rank=2 fc1_tile_n=64 fused_scratch_zero=true
GLM53_P8_M1_DISPATCH layer=21 rank=1 fc1_tile_n=64 fused_scratch_zero=true
GLM53_P8_M1_DISPATCH layer=22 rank=3 fc1_tile_n=64 fused_scratch_zero=true
GLM53_P8_M1_DISPATCH layer=22 rank=0 fc1_tile_n=64 fused_scratch_zero=true
GLM53_P8_M1_DISPATCH layer=22 rank=2 fc1_tile_n=64 fused_scratch_zero=true
GLM53_P8_M1_DISPATCH layer=22 rank=1 fc1_tile_n=64 fused_scratch_zero=true
GLM53_P8_M1_DISPATCH layer=23 rank=3 fc1_tile_n=64 fused_scratch_zero=true
GLM53_P8_M1_DISPATCH layer=23 rank=0 fc1_tile_n=64 fused_scratch_zero=true
GLM53_P8_M1_DISPATCH layer=23 rank=2 fc1_tile_n=64 fused_scratch_zero=true
GLM53_P8_M1_DISPATCH layer=23 rank=1 fc1_tile_n=64 fused_scratch_zero=true
GLM53_P8_M1_DISPATCH layer=24 rank=3 fc1_tile_n=64 fused_scratch_zero=true
GLM53_P8_M1_DISPATCH layer=24 rank=0 fc1_tile_n=64 fused_scratch_zero=true
GLM53_P8_M1_DISPATCH layer=24 rank=2 fc1_tile_n=64 fused_scratch_zero=true
GLM53_P8_M1_DISPATCH layer=24 rank=1 fc1_tile_n=64 fused_scratch_zero=true
GLM53_P8_M1_DISPATCH layer=25 rank=3 fc1_tile_n=64 fused_scratch_zero=true
GLM53_P8_M1_DISPATCH layer=25 rank=0 fc1_tile_n=64 fused_scratch_zero=true
GLM53_P8_M1_DISPATCH layer=25 rank=2 fc1_tile_n=64 fused_scratch_zero=true
GLM53_P8_M1_DISPATCH layer=25 rank=1 fc1_tile_n=64 fused_scratch_zero=true
GLM53_P8_M1_DISPATCH layer=26 rank=3 fc1_tile_n=64 fused_scratch_zero=true
GLM53_P8_M1_DISPATCH layer=26 rank=0 fc1_tile_n=64 fused_scratch_zero=true
GLM53_P8_M1_DISPATCH layer=26 rank=2 fc1_tile_n=64 fused_scratch_zero=true
GLM53_P8_M1_DISPATCH layer=26 rank=1 fc1_tile_n=64 fused_scratch_zero=true
GLM53_P8_M1_DISPATCH layer=27 rank=3 fc1_tile_n=64 fused_scratch_zero=true
GLM53_P8_M1_DISPATCH layer=27 rank=0 fc1_tile_n=64 fused_scratch_zero=true
GLM53_P8_M1_DISPATCH layer=27 rank=2 fc1_tile_n=64 fused_scratch_zero=true
GLM53_P8_M1_DISPATCH layer=27 rank=1 fc1_tile_n=64 fused_scratch_zero=true
GLM53_P8_M1_DISPATCH layer=28 rank=3 fc1_tile_n=64 fused_scratch_zero=true
GLM53_P8_M1_DISPATCH layer=28 rank=0 fc1_tile_n=64 fused_scratch_zero=true
GLM53_P8_M1_DISPATCH layer=28 rank=2 fc1_tile_n=64 fused_scratch_zero=true
GLM53_P8_M1_DISPATCH layer=28 rank=1 fc1_tile_n=64 fused_scratch_zero=true
GLM53_P8_M1_DISPATCH layer=29 rank=3 fc1_tile_n=64 fused_scratch_zero=true
GLM53_P8_M1_DISPATCH layer=29 rank=0 fc1_tile_n=64 fused_scratch_zero=true
GLM53_P8_M1_DISPATCH layer=29 rank=2 fc1_tile_n=64 fused_scratch_zero=true
GLM53_P8_M1_DISPATCH layer=29 rank=1 fc1_tile_n=64 fused_scratch_zero=true
GLM53_P8_M1_DISPATCH layer=30 rank=0 fc1_tile_n=64 fused_scratch_zero=true
GLM53_P8_M1_DISPATCH layer=30 rank=3 fc1_tile_n=64 fused_scratch_zero=true
GLM53_P8_M1_DISPATCH layer=30 rank=2 fc1_tile_n=64 fused_scratch_zero=true
GLM53_P8_M1_DISPATCH layer=30 rank=1 fc1_tile_n=64 fused_scratch_zero=true
GLM53_P8_M1_DISPATCH layer=31 rank=3 fc1_tile_n=64 fused_scratch_zero=true
GLM53_P8_M1_DISPATCH layer=31 rank=0 fc1_tile_n=64 fused_scratch_zero=true
GLM53_P8_M1_DISPATCH layer=31 rank=2 fc1_tile_n=64 fused_scratch_zero=true
GLM53_P8_M1_DISPATCH layer=31 rank=1 fc1_tile_n=64 fused_scratch_zero=true
GLM53_P8_M1_DISPATCH layer=32 rank=3 fc1_tile_n=64 fused_scratch_zero=true
GLM53_P8_M1_DISPATCH layer=32 rank=0 fc1_tile_n=64 fused_scratch_zero=true
GLM53_P8_M1_DISPATCH layer=32 rank=2 fc1_tile_n=64 fused_scratch_zero=true
GLM53_P8_M1_DISPATCH layer=32 rank=1 fc1_tile_n=64 fused_scratch_zero=true
GLM53_P8_M1_DISPATCH layer=33 rank=3 fc1_tile_n=64 fused_scratch_zero=true
GLM53_P8_M1_DISPATCH layer=33 rank=0 fc1_tile_n=64 fused_scratch_zero=true
GLM53_P8_M1_DISPATCH layer=33 rank=2 fc1_tile_n=64 fused_scratch_zero=true
GLM53_P8_M1_DISPATCH layer=33 rank=1 fc1_tile_n=64 fused_scratch_zero=true
GLM53_P8_M1_DISPATCH layer=34 rank=3 fc1_tile_n=64 fused_scratch_zero=true
GLM53_P8_M1_DISPATCH layer=34 rank=0 fc1_tile_n=64 fused_scratch_zero=true
GLM53_P8_M1_DISPATCH layer=34 rank=2 fc1_tile_n=64 fused_scratch_zero=true
GLM53_P8_M1_DISPATCH layer=34 rank=1 fc1_tile_n=64 fused_scratch_zero=true
GLM53_P8_M1_DISPATCH layer=35 rank=3 fc1_tile_n=64 fused_scratch_zero=true
GLM53_P8_M1_DISPATCH layer=35 rank=0 fc1_tile_n=64 fused_scratch_zero=true
GLM53_P8_M1_DISPATCH layer=35 rank=2 fc1_tile_n=64 fused_scratch_zero=true
GLM53_P8_M1_DISPATCH layer=35 rank=1 fc1_tile_n=64 fused_scratch_zero=true
GLM53_P8_M1_DISPATCH layer=36 rank=3 fc1_tile_n=64 fused_scratch_zero=true
GLM53_P8_M1_DISPATCH layer=36 rank=0 fc1_tile_n=64 fused_scratch_zero=true
GLM53_P8_M1_DISPATCH layer=36 rank=2 fc1_tile_n=64 fused_scratch_zero=true
GLM53_P8_M1_DISPATCH layer=36 rank=1 fc1_tile_n=64 fused_scratch_zero=true
GLM53_P8_M1_DISPATCH layer=37 rank=3 fc1_tile_n=64 fused_scratch_zero=true
GLM53_P8_M1_DISPATCH layer=37 rank=0 fc1_tile_n=64 fused_scratch_zero=true
GLM53_P8_M1_DISPATCH layer=37 rank=2 fc1_tile_n=64 fused_scratch_zero=true
GLM53_P8_M1_DISPATCH layer=37 rank=1 fc1_tile_n=64 fused_scratch_zero=true
GLM53_P8_M1_DISPATCH layer=38 rank=3 fc1_tile_n=64 fused_scratch_zero=true
GLM53_P8_M1_DISPATCH layer=38 rank=0 fc1_tile_n=64 fused_scratch_zero=true
GLM53_P8_M1_DISPATCH layer=38 rank=2 fc1_tile_n=64 fused_scratch_zero=true
GLM53_P8_M1_DISPATCH layer=38 rank=1 fc1_tile_n=64 fused_scratch_zero=true
GLM53_P8_M1_DISPATCH layer=39 rank=3 fc1_tile_n=64 fused_scratch_zero=true
GLM53_P8_M1_DISPATCH layer=39 rank=0 fc1_tile_n=64 fused_scratch_zero=true
GLM53_P8_M1_DISPATCH layer=39 rank=2 fc1_tile_n=64 fused_scratch_zero=true
GLM53_P8_M1_DISPATCH layer=39 rank=1 fc1_tile_n=64 fused_scratch_zero=true
GLM53_P8_M1_DISPATCH layer=40 rank=3 fc1_tile_n=64 fused_scratch_zero=true
GLM53_P8_M1_DISPATCH layer=40 rank=0 fc1_tile_n=64 fused_scratch_zero=true
GLM53_P8_M1_DISPATCH layer=40 rank=2 fc1_tile_n=64 fused_scratch_zero=true
GLM53_P8_M1_DISPATCH layer=40 rank=1 fc1_tile_n=64 fused_scratch_zero=true
GLM53_P8_M1_DISPATCH layer=41 rank=3 fc1_tile_n=64 fused_scratch_zero=true
GLM53_P8_M1_DISPATCH layer=41 rank=0 fc1_tile_n=64 fused_scratch_zero=true
GLM53_P8_M1_DISPATCH layer=41 rank=2 fc1_tile_n=64 fused_scratch_zero=true
GLM53_P8_M1_DISPATCH layer=41 rank=1 fc1_tile_n=64 fused_scratch_zero=true
GLM53_P8_M1_DISPATCH layer=42 rank=3 fc1_tile_n=64 fused_scratch_zero=true
GLM53_P8_M1_DISPATCH layer=42 rank=0 fc1_tile_n=64 fused_scratch_zero=true
GLM53_P8_M1_DISPATCH layer=42 rank=2 fc1_tile_n=64 fused_scratch_zero=true
GLM53_P8_M1_DISPATCH layer=42 rank=1 fc1_tile_n=64 fused_scratch_zero=true
GLM53_P8_M1_DISPATCH layer=43 rank=3 fc1_tile_n=64 fused_scratch_zero=true
GLM53_P8_M1_DISPATCH layer=43 rank=0 fc1_tile_n=64 fused_scratch_zero=true
GLM53_P8_M1_DISPATCH layer=43 rank=2 fc1_tile_n=64 fused_scratch_zero=true
GLM53_P8_M1_DISPATCH layer=43 rank=1 fc1_tile_n=64 fused_scratch_zero=true
GLM53_P8_M1_DISPATCH layer=44 rank=3 fc1_tile_n=64 fused_scratch_zero=true
GLM53_P8_M1_DISPATCH layer=44 rank=0 fc1_tile_n=64 fused_scratch_zero=true
GLM53_P8_M1_DISPATCH layer=44 rank=2 fc1_tile_n=64 fused_scratch_zero=true
GLM53_P8_M1_DISPATCH layer=44 rank=1 fc1_tile_n=64 fused_scratch_zero=true
(Worker_TP3) Graph capturing finished
(Worker_TP0) Graph capturing finished
(Worker_TP1) Graph capturing finished
(Worker_TP2) Graph capturing finished
Capturing CUDA graphs (FULL): 100%
Capturing CUDA graphs (FULL): 100%
tensor_parallel_size=4
decode_context_parallel_size=1
speculative_config=None
kv_cache_dtype=nvfp4_ds_mla
kv_cache_dtype=nvfp4_ds_mla
kv_cache_dtype=nvfp4_ds_mla
kv_cache_dtype=nvfp4_ds_mla
kv_cache_dtype=nvfp4_ds_mla
kv_cache_dtype=nvfp4_ds_mla
kv_cache_dtype=nvfp4_ds_mla
kv_cache_dtype=nvfp4_ds_mla
kv_cache_dtype=nvfp4_ds_mla
kv_cache_dtype=nvfp4_ds_mla
kv_cache_dtype=nvfp4_ds_mla
kv_cache_dtype=nvfp4_ds_mla
kv_cache_dtype=nvfp4_ds_mla
kv_cache_dtype=nvfp4_ds_mla
kv_cache_dtype=nvfp4_ds_mla
kv_cache_dtype=nvfp4_ds_mla
kv_cache_dtype=nvfp4_ds_mla
kv_cache_dtype=nvfp4_ds_mla
kv_cache_dtype=nvfp4_ds_mla
kv_cache_dtype=nvfp4_ds_mla
kv_cache_dtype=nvfp4_ds_mla
kv_cache_dtype=nvfp4_ds_mla
kv_cache_dtype=nvfp4_ds_mla
kv_cache_dtype=nvfp4_ds_mla
kv_cache_dtype=nvfp4_ds_mla
kv_cache_dtype=nvfp4_ds_mla
kv_cache_dtype=nvfp4_ds_mla
kv_cache_dtype=nvfp4_ds_mla
kv_cache_dtype=nvfp4_ds_mla
kv_cache_dtype=nvfp4_ds_mla
kv_cache_dtype=nvfp4_ds_mla
kv_cache_dtype=nvfp4_ds_mla
kv_cache_dtype=nvfp4_ds_mla
kv_cache_dtype=nvfp4_ds_mla
kv_cache_dtype=nvfp4_ds_mla
kv_cache_dtype=nvfp4_ds_mla
kv_cache_dtype=nvfp4_ds_mla
kv_cache_dtype=nvfp4_ds_mla
kv_cache_dtype=nvfp4_ds_mla
kv_cache_dtype=nvfp4_ds_mla
kv_cache_dtype=nvfp4_ds_mla
kv_cache_dtype=nvfp4_ds_mla
kv_cache_dtype=nvfp4_ds_mla
kv_cache_dtype=nvfp4_ds_mla
kv_cache_dtype=nvfp4_ds_mla
